// Jest Snapshot v1, https://goo.gl/fbAQLP

exports[`should test Main Screen should render the title value 1`] = `
<View
  style={
    Array [
      Object {
        "alignItems": "center",
        "height": "100%",
        "justifyContent": "center",
      },
    ]
  }
>
  <Text
    style={
      Array [
        Object {
          "fontWeight": "bold",
        },
      ]
    }
  >
    Welcome to create akalli app
  </Text>
  <Text
    style={
      Array [
        Object {
          "fontStyle": "italic",
        },
      ]
    }
  >
    Edit me at './features/main/screens/Main.tsx'
  </Text>
  <Text
    style={
      Array [
        Object {
          "marginBottom": 30,
          "marginLeft": 30,
          "marginRight": 30,
          "marginTop": 30,
        },
      ]
    }
  >
    Find more about create-akalli-app on our docs or channel.
  </Text>
  <View
    accessible={true}
    collapsable={false}
    focusable={true}
    onBlur={[Function]}
    onClick={[Function]}
    onFocus={[Function]}
    onResponderGrant={[Function]}
    onResponderMove={[Function]}
    onResponderRelease={[Function]}
    onResponderTerminate={[Function]}
    onResponderTerminationRequest={[Function]}
    onStartShouldSetResponder={[Function]}
    style={
      Array [
        Object {
          "alignItems": "center",
          "alignSelf": "center",
          "backgroundColor": "orange",
          "borderRadius": 5,
          "flexDirection": "row",
          "justifyContent": "center",
          "marginBottom": 30,
          "paddingBottom": 10,
          "paddingLeft": 10,
          "paddingRight": 10,
          "paddingTop": 10,
        },
      ]
    }
  >
    <Text
      style={
        Array [
          Object {
            "color": "white",
          },
        ]
      }
    >
      Change language
    </Text>
  </View>
  <View
    style={
      Array [
        Object {},
      ]
    }
  >
    <Text
      style={
        Array [
          Object {},
        ]
      }
      testID="dti-conditional-text"
    >
      I am shown because we are speaking in english.
    </Text>
  </View>
</View>
`;
